// Jest Snapshot v1, https://goo.gl/fbAQLP

exports[` 1`] = `<LoadingBars />`;

exports[`HomeContainer container should match the previous snapshot 1`] = `<LoadingBars />`;
